// Jest Snapshot v1, https://goo.gl/fbAQLP

exports[`header field snapshopt renders correctly 1`] = `
<div
  className={undefined}
  onClick={[Function]}
  role=""
>
  Header Text
</div>
`;
