// Jest Snapshot v1, https://goo.gl/fbAQLP

exports[`WidthHandle Snapshots default 1`] = `
<span
  className="handle"
  onMouseDown={[Function]}
  onMouseOut={[Function]}
  onMouseOver={[Function]}
/>
`;
